
---------- Resource Summary (begin) ----------
Inputs: 44 / 1076 (4.09%)
Outputs: 4 / 1566 (0.26%)
Clocks: 1 / 16 (6.25%)
Logic Elements: 293 / 112128 (0.26%)
	LE: LUTs/Adders: 210 / 112128 (0.19%)
	LE: Registers: 176 / 107520 (0.16%)
Memory Blocks: 0 / 1056 (0.00%)
Multipliers: 0 / 320 (0.00%)
---------- Resource Summary (end) ----------


---------- Resource Summary (begin) ----------
Inputs: 44 / 1076 (4.09%)
Outputs: 4 / 1566 (0.26%)
Clocks: 1 / 16 (6.25%)
Logic Elements: 293 / 112128 (0.26%)
	LE: LUTs/Adders: 210 / 112128 (0.19%)
	LE: Registers: 176 / 107520 (0.16%)
Memory Blocks: 0 / 1056 (0.00%)
Multipliers: 0 / 320 (0.00%)
---------- Resource Summary (end) ----------


---------- Resource Summary (begin) ----------
Inputs: 44 / 1076 (4.09%)
Outputs: 4 / 1566 (0.26%)
Clocks: 1 / 16 (6.25%)
Logic Elements: 293 / 112128 (0.26%)
	LE: LUTs/Adders: 210 / 112128 (0.19%)
	LE: Registers: 176 / 107520 (0.16%)
Memory Blocks: 0 / 1056 (0.00%)
Multipliers: 0 / 320 (0.00%)
---------- Resource Summary (end) ----------


---------- Resource Summary (begin) ----------
Inputs: 44 / 1076 (4.09%)
Outputs: 4 / 1566 (0.26%)
Clocks: 1 / 16 (6.25%)
Logic Elements: 293 / 112128 (0.26%)
	LE: LUTs/Adders: 210 / 112128 (0.19%)
	LE: Registers: 176 / 107520 (0.16%)
Memory Blocks: 0 / 1056 (0.00%)
Multipliers: 0 / 320 (0.00%)
---------- Resource Summary (end) ----------

